Microchip MPLAB XC8 Compiler V2.32

Linker command line:

-W-3 --edf=C:\Program Files\Microchip\xc8\v2.32\pic\dat\en_msgs.txt -cn \
  -h+dist/default/production\multimetroPic18F4550.production.sym \
  --cmf=dist/default/production\multimetroPic18F4550.production.cmf -z \
  -Q18F4550 -oC:\Users\VICTOR~1\AppData\Local\Temp\xcAs2ao.4 \
  --defsym=__MPLAB_BUILD=1 \
  -Mdist/default/production/multimetroPic18F4550.production.map -E1 \
  -ver=XC8 Compiler --acfsm=1493 -ASTACK=0150h-07FFh -pstack=STACK \
  -ACODE=00h-07FFFh -ACONST=00h-07FFFh -ASMALLCONST=0800h-08FFhx120 \
  -AMEDIUMCONST=0800h-07FFFh -ACOMRAM=01h-05Fh -AABS1=00h-07FFh \
  -ABIGRAM=01h-07FFh -ARAM=060h-0FFh,0100h-01FFhx7 -ABANK0=060h-0FFh \
  -ABANK1=0100h-01FFh -ABANK2=0200h-02FFh -ABANK3=0300h-03FFh \
  -ABANK4=0400h-04FFh -ABANK5=0500h-05FFh -ABANK6=0600h-06FFh \
  -ABANK7=0700h-07FFh -ASFR=0F60h-0FFFh -ACONFIG=0300000h-030000Dh \
  -AIDLOC=0200000h-0200007h -AEEDATA=0F00000h-0F000FFh -peeprom_data=EEDATA \
  -preset_vec=00h,intcode,intcodelo,powerup,init -pramtop=0800h \
  -psmallconst=SMALLCONST -pmediumconst=MEDIUMCONST -pconst=CONST \
  -AFARRAM=00h-00h \
  -prdata=COMRAM,nvrram=COMRAM,nvbit=COMRAM,rbss=COMRAM,rbit=COMRAM \
  -pfarbss=FARRAM,fardata=FARRAM,nvFARRAM=FARRAM \
  -pintsave_regs=BIGRAM,bigbss=BIGRAM,bigdata=BIGRAM -pbss=RAM \
  -pidata=CODE,irdata=CODE,ibigdata=CODE,ifardata=CODE -prparam=COMRAM \
  C:\Users\VICTOR~1\AppData\Local\Temp\xcAs2ao.o \
  dist/default/production\multimetroPic18F4550.production.o 

Object code version is 3.11

Machine type is 18F4550



                Name                               Link     Load   Length Selector   Space Scale
C:\Users\VICTOR~1\AppData\Local\Temp\xcAs2ao.o
                idloc                            200000   200000        8        0       5
                config                           300000   300000        E        0       4
                init                                  0        0        4        0       0
dist/default/production\multimetroPic18F4550.production.o
                idloc                            200000   200000        8        0       5
                config                           300000   300000        E        0       4
                smallconst                          800      800       24      400       0
                text34                             38FE     38FE       26      412       0
                text33                             38C6     38C6       38      412       0
                text32                             36DE     36DE       52      412       0
                text31                             2AD0     2AD0      190      412       0
                text30                             3212     3212       C4      412       0
                text29                             3398     3398       B0      412       0
                text28                             22C2     22C2      39A      412       0
                text27                             3448     3448       AA      412       0
                text26                             2E70     2E70      104      412       0
                text25                             1E98     1E98      42A      412       0
                text24                             388E     388E       38      412       0
                text23                             19D8     19D8      4C0      412       0
                text22                             37CC     37CC       46      412       0
                text21                             2D6A     2D6A      106      412       0
                text20                             2F74     2F74       FE      412       0
                text19                             28BE     28BE      212      412       0
                text18                             397A     397A        2      412       0
                text17                             3148     3148       CA      412       0
                text16                             3812     3812       44      412       0
                text15                             377E     377E       4E      412       0
                text14                             32D6     32D6       C2      412       0
                text13                             3630     3630       5C      412       0
                text12                             3856     3856       38      412       0
                text11                             35D0     35D0       60      412       0
                text10                              824      824      C5A      412       0
                text9                              3072     3072       D6      412       0
                text8                              147E     147E      55A      412       0
                text7                              356E     356E       62      412       0
                text6                              368C     368C       52      412       0
                text5                              393E     393E       1A      412       0
                text4                              34F2     34F2       7C      412       0
                text3                              3924     3924       1A      412       0
                text2                              396C     396C        E      412       0
                text1                              265C     265C      262      412       0
                text0                              2C60     2C60      10A      412       0
                cstackCOMRAM                          1        1       59        1       1
                cstackBANK0                          60       60       6A       60       1
                bssBANK1                            100      100       50      100       1
                dataBANK0                            CA       CA       14       60       1
                bssBANK0                             DE       DE        A       60       1
                bssCOMRAM                            5A       5A        6        1       1
                cinit                              3730     3730       4E      412       0
                idataBANK0                         3958     3958       14      412       0

TOTAL           Name                               Link     Load   Length     Space
        CLASS   STACK          

        CLASS   CODE           
                init                                  0        0        4         0
                text34                             38FE     38FE       26         0
                text33                             38C6     38C6       38         0
                text32                             36DE     36DE       52         0
                text31                             2AD0     2AD0      190         0
                text30                             3212     3212       C4         0
                text29                             3398     3398       B0         0
                text28                             22C2     22C2      39A         0
                text27                             3448     3448       AA         0
                text26                             2E70     2E70      104         0
                text25                             1E98     1E98      42A         0
                text24                             388E     388E       38         0
                text23                             19D8     19D8      4C0         0
                text22                             37CC     37CC       46         0
                text21                             2D6A     2D6A      106         0
                text20                             2F74     2F74       FE         0
                text19                             28BE     28BE      212         0
                text18                             397A     397A        2         0
                text17                             3148     3148       CA         0
                text16                             3812     3812       44         0
                text15                             377E     377E       4E         0
                text14                             32D6     32D6       C2         0
                text13                             3630     3630       5C         0
                text12                             3856     3856       38         0
                text11                             35D0     35D0       60         0
                text10                              824      824      C5A         0
                text9                              3072     3072       D6         0
                text8                              147E     147E      55A         0
                text7                              356E     356E       62         0
                text6                              368C     368C       52         0
                text5                              393E     393E       1A         0
                text4                              34F2     34F2       7C         0
                text3                              3924     3924       1A         0
                text2                              396C     396C        E         0
                text1                              265C     265C      262         0
                text0                              2C60     2C60      10A         0
                cinit                              3730     3730       4E         0
                idataBANK0                         3958     3958       14         0

        CLASS   CONST          

        CLASS   SMALLCONST     
                smallconst                          800      800       24         0

        CLASS   MEDIUMCONST    

        CLASS   COMRAM         
                cstackCOMRAM                          1        1       59         1
                bssCOMRAM                            5A       5A        6         1

        CLASS   ABS1           

        CLASS   BIGRAM         

        CLASS   RAM            

        CLASS   BANK0          
                cstackBANK0                          60       60       6A         1
                dataBANK0                            CA       CA       14         1
                bssBANK0                             DE       DE        A         1

        CLASS   BANK1          
                bssBANK1                            100      100       50         1

        CLASS   BANK2          

        CLASS   BANK3          

        CLASS   BANK4          

        CLASS   BANK5          

        CLASS   BANK6          

        CLASS   BANK7          

        CLASS   SFR            

        CLASS   CONFIG         
                config                           300000   300000        E         4

        CLASS   IDLOC          
                idloc                            200000   200000        8         5

        CLASS   EEDATA         

        CLASS   FARRAM         



SEGMENTS        Name                           Load    Length   Top    Selector   Space  Class

                reset_vec                      000000  000004  000004         0       0  CODE    
                cstackCOMRAM                   000001  00005F  000060         1       1  COMRAM  
                cstackBANK0                    000060  000088  0000E8        60       1  BANK0   
                bssBANK1                       000100  000050  000150       100       1  BANK1   
                smallconst                     000800  000024  000824       400       0  SMALLCON
                text10                         000824  003158  00397C       412       0  CODE    


UNUSED ADDRESS RANGES

        Name                Unused          Largest block    Delta
        BANK0            0000E8-0000FF               18
        BANK1            000150-0001FF               B0
        BANK2            000200-0002FF              100
        BANK3            000300-0003FF              100
        BANK4            000400-0004FF              100
        BANK5            000500-0005FF              100
        BANK6            000600-0006FF              100
        BANK7            000700-0007FF              100
        BIGRAM           0000E8-0000FF               18
                         000150-0007FF              6B0
        CODE             000004-0007FF              7FC
                         00397C-007FFF             4684
        CONST            000004-0007FF              7FC
                         00397C-007FFF             4684
        EEDATA           F00000-F000FF              100
        MEDIUMCONST      00397C-007FFF             4684
        RAM              0000E8-0000FF               18
                         000150-0007FF              100
        SFR              000F60-000FFF               A0
        SMALLCONST       00397C-007FFF              100
        STACK            000150-0007FF              6B0

                                  Symbol Table

?___awdiv                cstackCOMRAM 000001
?___awmod                cstackCOMRAM 000001
?___fladd                cstackCOMRAM 000001
?___fldiv                cstackCOMRAM 000001
?___flmul                cstackCOMRAM 000001
?___flneg                cstackCOMRAM 000001
?___flsub                cstackCOMRAM 00001A
?___fltol                cstackCOMRAM 000001
?___fpclassifyf          cstackCOMRAM 000001
?___wmul                 cstackCOMRAM 000001
?_atoi                   cstackCOMRAM 000008
?_efgtoa                 cstackCOMRAM 00002E
?_floorf                 cstackCOMRAM 00001A
?_isdigit                cstackCOMRAM 000001
?_isspace                cstackCOMRAM 000001
?_isupper                cstackCOMRAM 000001
?_pad                    cstackCOMRAM 000011
?_sprintf                cstackBANK0  000098
?_strlen                 cstackCOMRAM 000001
?_strncmp                cstackCOMRAM 000001
?_tolower                cstackCOMRAM 000007
?_vfpfcnvrt              cstackCOMRAM 00003A
?_vfprintf               cstackCOMRAM 000052
_ADCON1                  (abs)        000FC1
_INTCON2bits             (abs)        000FF1
_INTCON3bits             (abs)        000FF0
_INTCONbits              (abs)        000FF2
_PORTD                   (abs)        000F83
_PORTDbits               (abs)        000F83
_PORTEbits               (abs)        000F84
_T0CON                   (abs)        000FD5
_TMR0L                   (abs)        000FD6
_TRISD                   (abs)        000F95
_TRISE                   (abs)        000F96
__HRAM                   (abs)        000000
__Habs1                  abs1         000000
__Hbank0                 bank0        000000
__Hbank1                 bank1        000000
__Hbank2                 bank2        000000
__Hbank3                 bank3        000000
__Hbank4                 bank4        000000
__Hbank5                 bank5        000000
__Hbank6                 bank6        000000
__Hbank7                 bank7        000000
__Hbigbss                bigbss       000000
__Hbigdata               bigdata      000000
__Hbigram                bigram       000000
__Hbss                   bss          000000
__HbssBANK0              bssBANK0     000000
__HbssBANK1              bssBANK1     000000
__HbssCOMRAM             bssCOMRAM    000000
__Hcinit                 cinit        000000
__Hclrtext               clrtext      000000
__Hcomram                comram       000000
__Hconfig                config       30000E
__Hconst                 const        000000
__HcstackBANK0           cstackBANK0  000000
__HcstackCOMRAM          cstackCOMRAM 000000
__Hdata                  data         000000
__HdataBANK0             dataBANK0    000000
__Heeprom_data           eeprom_data  000000
__Hfarbss                farbss       000000
__Hfardata               fardata      000000
__Hibigdata              ibigdata     000000
__Hidata                 idata        000000
__HidataBANK0            idataBANK0   000000
__Hidloc                 idloc        200008
__Hifardata              ifardata     000000
__Hinit                  init         000004
__Hintcode               intcode      000000
__Hintcode_body          intcode_body 000000
__Hintcodelo             intcodelo    000000
__Hintentry              intentry     000000
__Hintret                intret       000000
__Hintsave_regs          intsave_regs 000000
__Hirdata                irdata       000000
__Hmediumconst           mediumconst  000000
__HnvFARRAM              nvFARRAM     000000
__Hnvbit                 nvbit        000000
__Hnvrram                nvrram       000000
__Hparam                 rparam       000000
__Hpowerup               powerup      000000
__Hram                   ram          000000
__Hramtop                ramtop       000800
__Hrbit                  rbit         000000
__Hrbss                  rbss         000000
__Hrdata                 rdata        000000
__Hreset_vec             reset_vec    000000
__Hrparam                rparam       000000
__Hsfr                   sfr          000000
__Hsmallconst            smallconst   000824
__Hspace_0               (abs)        00397C
__Hspace_1               (abs)        000150
__Hspace_2               (abs)        000000
__Hspace_4               (abs)        60000E
__Hstack                 stack        000000
__Hstruct                struct       000000
__Htemp                  temp         000000
__Htext                  text         000000
__Htext0                 text0        000000
__Htext1                 text1        000000
__Htext10                text10       000000
__Htext11                text11       000000
__Htext12                text12       000000
__Htext13                text13       000000
__Htext14                text14       000000
__Htext15                text15       000000
__Htext16                text16       000000
__Htext17                text17       000000
__Htext18                text18       000000
__Htext19                text19       000000
__Htext2                 text2        000000
__Htext20                text20       000000
__Htext21                text21       000000
__Htext22                text22       000000
__Htext23                text23       000000
__Htext24                text24       000000
__Htext25                text25       000000
__Htext26                text26       000000
__Htext27                text27       000000
__Htext28                text28       000000
__Htext29                text29       000000
__Htext3                 text3        000000
__Htext30                text30       000000
__Htext31                text31       000000
__Htext32                text32       000000
__Htext33                text33       000000
__Htext34                text34       000000
__Htext4                 text4        000000
__Htext5                 text5        000000
__Htext6                 text6        000000
__Htext7                 text7        000000
__Htext8                 text8        000000
__Htext9                 text9        000000
__LRAM                   (abs)        000001
__Labs1                  abs1         000000
__Lbank0                 bank0        000000
__Lbank1                 bank1        000000
__Lbank2                 bank2        000000
__Lbank3                 bank3        000000
__Lbank4                 bank4        000000
__Lbank5                 bank5        000000
__Lbank6                 bank6        000000
__Lbank7                 bank7        000000
__Lbigbss                bigbss       000000
__Lbigdata               bigdata      000000
__Lbigram                bigram       000000
__Lbss                   bss          000000
__LbssBANK0              bssBANK0     000000
__LbssBANK1              bssBANK1     000000
__LbssCOMRAM             bssCOMRAM    000000
__Lcinit                 cinit        000000
__Lclrtext               clrtext      000000
__Lcomram                comram       000000
__Lconfig                config       000000
__Lconst                 const        000000
__LcstackBANK0           cstackBANK0  000000
__LcstackCOMRAM          cstackCOMRAM 000000
__Ldata                  data         000000
__LdataBANK0             dataBANK0    000000
__Leeprom_data           eeprom_data  000000
__Lfarbss                farbss       000000
__Lfardata               fardata      000000
__Libigdata              ibigdata     000000
__Lidata                 idata        000000
__LidataBANK0            idataBANK0   000000
__Lidloc                 idloc        000000
__Lifardata              ifardata     000000
__Linit                  init         000000
__Lintcode               intcode      000000
__Lintcode_body          intcode_body 000000
__Lintcodelo             intcodelo    000000
__Lintentry              intentry     000000
__Lintret                intret       000000
__Lintsave_regs          intsave_regs 000000
__Lirdata                irdata       000000
__Lmediumconst           mediumconst  000000
__LnvFARRAM              nvFARRAM     000000
__Lnvbit                 nvbit        000000
__Lnvrram                nvrram       000000
__Lparam                 rparam       000000
__Lpowerup               powerup      000000
__Lram                   ram          000000
__Lramtop                ramtop       000800
__Lrbit                  rbit         000000
__Lrbss                  rbss         000000
__Lrdata                 rdata        000000
__Lreset_vec             reset_vec    000000
__Lrparam                rparam       000000
__Lsfr                   sfr          000000
__Lsmallconst            smallconst   000800
__Lspace_0               (abs)        000000
__Lspace_1               (abs)        000000
__Lspace_2               (abs)        000000
__Lspace_4               (abs)        000000
__Lstack                 stack        000000
__Lstruct                struct       000000
__Ltemp                  temp         000000
__Ltext                  text         000000
__Ltext0                 text0        000000
__Ltext1                 text1        000000
__Ltext10                text10       000000
__Ltext11                text11       000000
__Ltext12                text12       000000
__Ltext13                text13       000000
__Ltext14                text14       000000
__Ltext15                text15       000000
__Ltext16                text16       000000
__Ltext17                text17       000000
__Ltext18                text18       000000
__Ltext19                text19       000000
__Ltext2                 text2        000000
__Ltext20                text20       000000
__Ltext21                text21       000000
__Ltext22                text22       000000
__Ltext23                text23       000000
__Ltext24                text24       000000
__Ltext25                text25       000000
__Ltext26                text26       000000
__Ltext27                text27       000000
__Ltext28                text28       000000
__Ltext29                text29       000000
__Ltext3                 text3        000000
__Ltext30                text30       000000
__Ltext31                text31       000000
__Ltext32                text32       000000
__Ltext33                text33       000000
__Ltext34                text34       000000
__Ltext4                 text4        000000
__Ltext5                 text5        000000
__Ltext6                 text6        000000
__Ltext7                 text7        000000
__Ltext8                 text8        000000
__Ltext9                 text9        000000
__S0                     (abs)        00397C
__S1                     (abs)        000150
__S2                     (abs)        000000
__S4                     (abs)        000000
__S5                     (abs)        000000
___awdiv                 text30       003212
___awdiv@counter         cstackCOMRAM 000005
___awdiv@dividend        cstackCOMRAM 000001
___awdiv@divisor         cstackCOMRAM 000003
___awdiv@quotient        cstackCOMRAM 000007
___awdiv@sign            cstackCOMRAM 000006
___awmod                 text29       003398
___awmod@counter         cstackCOMRAM 000005
___awmod@dividend        cstackCOMRAM 000001
___awmod@divisor         cstackCOMRAM 000003
___awmod@sign            cstackCOMRAM 000006
___fladd                 text23       0019D8
___fladd@a               cstackCOMRAM 000005
___fladd@aexp            cstackCOMRAM 00000E
___fladd@b               cstackCOMRAM 000001
___fladd@bexp            cstackCOMRAM 00000F
___fladd@grs             cstackCOMRAM 000010
___fladd@signs           cstackCOMRAM 00000D
___fldiv                 text28       0022C2
___fldiv@a               cstackCOMRAM 000005
___fldiv@aexp            cstackCOMRAM 000019
___fldiv@b               cstackCOMRAM 000001
___fldiv@bexp            cstackCOMRAM 000018
___fldiv@grs             cstackCOMRAM 000014
___fldiv@new_exp         cstackCOMRAM 000012
___fldiv@rem             cstackCOMRAM 00000D
___fldiv@sign            cstackCOMRAM 000011
___fleq                  text27       003448
___fleq@ff1              cstackCOMRAM 000001
___fleq@ff2              cstackCOMRAM 000005
___flge                  text26       002E70
___flge@ff1              cstackCOMRAM 00001A
___flge@ff2              cstackCOMRAM 00001E
___flmul                 text25       001E98
___flmul@a               cstackCOMRAM 000005
___flmul@aexp            cstackCOMRAM 000012
___flmul@b               cstackCOMRAM 000001
___flmul@bexp            cstackCOMRAM 000013
___flmul@grs             cstackCOMRAM 00000E
___flmul@prod            cstackCOMRAM 000014
___flmul@sign            cstackCOMRAM 00000D
___flmul@temp            cstackCOMRAM 000018
___flneg                 text24       00388E
___flneg@f1              cstackCOMRAM 000001
___flsub                 text22       0037CC
___flsub@a               cstackCOMRAM 00001E
___flsub@b               cstackCOMRAM 00001A
___fltol                 text21       002D6A
___fltol@exp1            cstackCOMRAM 00000A
___fltol@f1              cstackCOMRAM 000001
___fltol@sign1           cstackCOMRAM 000009
___fpclassifyf           text20       002F74
___fpclassifyf@F465      bssBANK0     0000E2
___fpclassifyf@e         cstackCOMRAM 000009
___fpclassifyf@u         cstackCOMRAM 00000B
___fpclassifyf@x         cstackCOMRAM 000001
___inthi_sp              stack        000000
___intlo_sp              stack        000000
___param_bank            (abs)        000000
___rparam_used           (abs)        000001
___sp                    stack        000000
___wmul                  text34       0038FE
___wmul@multiplicand     cstackCOMRAM 000003
___wmul@multiplier       cstackCOMRAM 000001
___wmul@product          cstackCOMRAM 000005
__accesstop              (abs)        000060
__activetblptr           (abs)        000002
__end_of___awdiv         text30       0032D6
__end_of___awmod         text29       003448
__end_of___fladd         text23       001E98
__end_of___fldiv         text28       00265C
__end_of___fleq          text27       0034F2
__end_of___flge          text26       002F74
__end_of___flmul         text25       0022C2
__end_of___flneg         text24       0038C6
__end_of___flsub         text22       003812
__end_of___fltol         text21       002E70
__end_of___fpclassifyf   text20       003072
__end_of___wmul          text34       003924
__end_of__initialization cinit        003774
__end_of_atoi            text31       002C60
__end_of_comando_lcd     text3        00393E
__end_of_dado_lcd        text5        003958
__end_of_efgtoa          text10       00147E
__end_of_floorf          text19       002AD0
__end_of_fputc           text17       003212
__end_of_fputs           text16       003856
__end_of_imprime_lcd     text4        00356E
__end_of_isdigit         text33       0038FE
__end_of_isspace         text32       003730
__end_of_isupper         text12       00388E
__end_of_limpa_lcd       text2        00397A
__end_of_main            text0        002D6A
__end_of_pad             text14       003398
__end_of_putch           text18       00397C
__end_of_sprintf         text6        0036DE
__end_of_strcpy          text13       00368C
__end_of_strlen          text15       0037CC
__end_of_strncmp         text9        003148
__end_of_tolower         text11       003630
__end_of_verificaTensao  text1        0028BE
__end_of_vfpfcnvrt       text8        0019D8
__end_of_vfprintf        text7        0035D0
__initialization         cinit        003730
__mediumconst            mediumconst  000000
__pbssBANK0              bssBANK0     0000DE
__pbssBANK1              bssBANK1     000100
__pbssCOMRAM             bssCOMRAM    00005A
__pcinit                 cinit        003730
__pcstackBANK0           cstackBANK0  000060
__pcstackCOMRAM          cstackCOMRAM 000001
__pdataBANK0             dataBANK0    0000CA
__pidataBANK0            idataBANK0   003958
__psmallconst            smallconst   000800
__ptext0                 text0        002C60
__ptext1                 text1        00265C
__ptext10                text10       000824
__ptext11                text11       0035D0
__ptext12                text12       003856
__ptext13                text13       003630
__ptext14                text14       0032D6
__ptext15                text15       00377E
__ptext16                text16       003812
__ptext17                text17       003148
__ptext18                text18       00397A
__ptext19                text19       0028BE
__ptext2                 text2        00396C
__ptext20                text20       002F74
__ptext21                text21       002D6A
__ptext22                text22       0037CC
__ptext23                text23       0019D8
__ptext24                text24       00388E
__ptext25                text25       001E98
__ptext26                text26       002E70
__ptext27                text27       003448
__ptext28                text28       0022C2
__ptext29                text29       003398
__ptext3                 text3        003924
__ptext30                text30       003212
__ptext31                text31       002AD0
__ptext32                text32       0036DE
__ptext33                text33       0038C6
__ptext34                text34       0038FE
__ptext4                 text4        0034F2
__ptext5                 text5        00393E
__ptext6                 text6        00368C
__ptext7                 text7        00356E
__ptext8                 text8        00147E
__ptext9                 text9        003072
__ramtop                 ramtop       000800
__size_of___awdiv        (abs)        000000
__size_of___awmod        (abs)        000000
__size_of___fladd        (abs)        000000
__size_of___fldiv        (abs)        000000
__size_of___fleq         (abs)        000000
__size_of___flge         (abs)        000000
__size_of___flmul        (abs)        000000
__size_of___flneg        (abs)        000000
__size_of___flsub        (abs)        000000
__size_of___fltol        (abs)        000000
__size_of___fpclassifyf  (abs)        000000
__size_of___wmul         (abs)        000000
__size_of_atoi           (abs)        000000
__size_of_comando_lcd    (abs)        000000
__size_of_dado_lcd       (abs)        000000
__size_of_efgtoa         (abs)        000000
__size_of_floorf         (abs)        000000
__size_of_fputc          (abs)        000000
__size_of_fputs          (abs)        000000
__size_of_imprime_lcd    (abs)        000000
__size_of_isdigit        (abs)        000000
__size_of_isspace        (abs)        000000
__size_of_isupper        (abs)        000000
__size_of_limpa_lcd      (abs)        000000
__size_of_main           (abs)        000000
__size_of_pad            (abs)        000000
__size_of_putch          (abs)        000000
__size_of_sprintf        (abs)        000000
__size_of_strcpy         (abs)        000000
__size_of_strlen         (abs)        000000
__size_of_strncmp        (abs)        000000
__size_of_tolower        (abs)        000000
__size_of_verificaTensao (abs)        000000
__size_of_vfpfcnvrt      (abs)        000000
__size_of_vfprintf       (abs)        000000
__smallconst             smallconst   000800
_atoi                    text31       002AD0
_atoi$987                cstackCOMRAM 000010
_atoi$988                cstackCOMRAM 000014
_atoi$989                cstackCOMRAM 000012
_comando_lcd             text3        003924
_dado_lcd                text5        00393E
_dbuf                    bssBANK1     000100
_efgtoa                  text10       000824
_efgtoa$922              cstackBANK0  000060
_efgtoa$923              cstackBANK0  000062
_efgtoa$928              cstackBANK0  000064
_efgtoa$932              cstackBANK0  000066
_efgtoa$933              cstackBANK0  000068
_efgtoa$934              cstackBANK0  00006A
_flags                   bssCOMRAM    00005E
_floorf                  text19       0028BE
_fputc                   text17       003148
_fputs                   text16       003812
_imprime_lcd             text4        0034F2
_isdigit                 text33       0038C6
_isspace                 text32       0036DE
_isspace$1018            cstackCOMRAM 000007
_isupper                 text12       003856
_limpa_lcd               text2        00396C
_main                    text0        002C60
_nout                    bssBANK0     0000E6
_pad                     text14       0032D6
_prec                    bssCOMRAM    00005C
_putch                   text18       00397A
_sprintf                 text6        00368C
_strcpy                  text13       003630
_strlen                  text15       00377E
_strncmp                 text9        003072
_tolower                 text11       0035D0
_tolower$1082            cstackCOMRAM 00000D
_verificaTensao          text1        00265C
_vfpfcnvrt               text8        00147E
_vfpfcnvrt$948           cstackCOMRAM 000044
_vfpfcnvrt$949           cstackCOMRAM 000046
_vfpfcnvrt$953           cstackCOMRAM 000048
_vfprintf                text7        00356E
_width                   bssCOMRAM    00005A
atoi@n                   cstackCOMRAM 000015
atoi@neg                 cstackCOMRAM 00000E
atoi@s                   cstackCOMRAM 000008
comando_lcd@comando      cstackCOMRAM 000001
dado_lcd@dado            cstackCOMRAM 000001
efgtoa@c                 cstackCOMRAM 000034
efgtoa@d                 cstackBANK0  000078
efgtoa@e                 cstackBANK0  000090
efgtoa@f                 cstackCOMRAM 000030
efgtoa@fp                cstackCOMRAM 00002E
efgtoa@g                 cstackBANK0  00008C
efgtoa@h                 cstackBANK0  000082
efgtoa@i                 cstackBANK0  00008A
efgtoa@l                 cstackBANK0  000086
efgtoa@m                 cstackBANK0  000072
efgtoa@mode              cstackBANK0  000081
efgtoa@n                 cstackBANK0  000092
efgtoa@ne                cstackBANK0  000070
efgtoa@nmode             cstackBANK0  000080
efgtoa@ou                cstackBANK0  000074
efgtoa@p                 cstackBANK0  00007C
efgtoa@pp                cstackBANK0  00006E
efgtoa@sign              cstackBANK0  00007A
efgtoa@t                 cstackBANK0  00006C
efgtoa@u                 cstackBANK0  000094
efgtoa@w                 cstackBANK0  00007E
end_of_initialization    cinit        003774
floorf@F527              bssBANK0     0000DE
floorf@e                 cstackCOMRAM 000028
floorf@m                 cstackCOMRAM 000024
floorf@u                 cstackCOMRAM 00002A
floorf@x                 cstackCOMRAM 00001A
fputc@c                  cstackCOMRAM 000001
fputc@fp                 cstackCOMRAM 000003
fputs@c                  cstackCOMRAM 00000E
fputs@fp                 cstackCOMRAM 00000C
fputs@i                  cstackCOMRAM 00000F
fputs@s                  cstackCOMRAM 00000A
imprime_lcd@frase        cstackCOMRAM 000005
imprime_lcd@indice       cstackCOMRAM 00000C
imprime_lcd@tamanho      cstackCOMRAM 00000A
intlevel0                text         000000
intlevel1                text         000000
intlevel2                text         000000
intlevel3                text         000000
isa$std                  (abs)        000001
isa$xinst                (abs)        000000
isdigit@c                cstackCOMRAM 000001
isspace@c                cstackCOMRAM 000001
isupper@c                cstackCOMRAM 000001
main@F3660               dataBANK0    0000CA
main@V                   cstackBANK0  0000BC
main@i                   cstackBANK0  0000C4
main@tensao              cstackBANK0  0000C6
main@vetorDeTensao       cstackBANK0  0000A8
pad@buf                  cstackCOMRAM 000013
pad@fp                   cstackCOMRAM 000011
pad@i                    cstackCOMRAM 000018
pad@p                    cstackCOMRAM 000015
pad@w                    cstackCOMRAM 00001A
sprintf@ap               cstackBANK0  0000A0
sprintf@f                cstackBANK0  0000A2
sprintf@fmt              cstackBANK0  00009A
sprintf@s                cstackBANK0  000098
stackhi                  (abs)        0007FF
stacklo                  (abs)        000150
start                    init         000000
start_initialization     cinit        003730
strcpy@d                 cstackCOMRAM 000009
strcpy@dest              cstackCOMRAM 000001
strcpy@s                 cstackCOMRAM 000007
strcpy@src               cstackCOMRAM 000003
strlen@a                 cstackCOMRAM 000003
strlen@s                 cstackCOMRAM 000001
strncmp@_l               cstackCOMRAM 000001
strncmp@_r               cstackCOMRAM 000003
strncmp@l                cstackCOMRAM 000008
strncmp@n                cstackCOMRAM 000005
strncmp@r                cstackCOMRAM 00000A
tolower@c                cstackCOMRAM 000007
verificaTensao@V         cstackCOMRAM 00002A
verificaTensao@tensao    cstackCOMRAM 000026
vfpfcnvrt@ap             cstackCOMRAM 00003E
vfpfcnvrt@c              cstackCOMRAM 000051
vfpfcnvrt@ct             cstackCOMRAM 00004E
vfpfcnvrt@f              cstackCOMRAM 00004A
vfpfcnvrt@fmt            cstackCOMRAM 00003C
vfpfcnvrt@fp             cstackCOMRAM 00003A
vfprintf@ap              cstackCOMRAM 000056
vfprintf@cfmt            cstackCOMRAM 000058
vfprintf@fmt             cstackCOMRAM 000054
vfprintf@fp              cstackCOMRAM 000052


MODULE INFORMATION

Module		Function		Class		Link	Load	Size
C:\Program Files\Microchip\xc8\v2.32\pic\sources\c99\common\nf_sprintf.c
		_sprintf       		CODE           	368C	0000	82

C:\Program Files\Microchip\xc8\v2.32\pic\sources\c99\common\nf_sprintf.c estimated size: 82

C:\Program Files\Microchip\xc8\v2.32\pic\sources\c99\common\awdiv.c
		___awdiv       		CODE           	3212	0000	196

C:\Program Files\Microchip\xc8\v2.32\pic\sources\c99\common\awdiv.c estimated size: 196

C:\Program Files\Microchip\xc8\v2.32\pic\sources\c99\common\isdigit.c
		_isdigit       		CODE           	38C6	0000	56

C:\Program Files\Microchip\xc8\v2.32\pic\sources\c99\common\isdigit.c estimated size: 56

C:\Program Files\Microchip\xc8\v2.32\pic\sources\c99\common\sprcadd.c
		___flsub       		CODE           	37CC	0000	70
		___fladd       		CODE           	19D8	0000	1216

C:\Program Files\Microchip\xc8\v2.32\pic\sources\c99\common\sprcadd.c estimated size: 1286

C:\Program Files\Microchip\xc8\v2.32\pic\sources\c99\common\doprnt.c
		_vfpfcnvrt     		CODE           	147E	0000	1370
		_efgtoa        		CODE           	0824	0000	3162
		_pad           		CODE           	32D6	0000	194
		_vfprintf      		CODE           	356E	0000	98

C:\Program Files\Microchip\xc8\v2.32\pic\sources\c99\common\doprnt.c estimated size: 4824

C:\Program Files\Microchip\xc8\v2.32\pic\sources\c99\common\flneg.c
		___flneg       		CODE           	388E	0000	56

C:\Program Files\Microchip\xc8\v2.32\pic\sources\c99\common\flneg.c estimated size: 56

./lcd.intermed.h
		_imprime_lcd   		CODE           	34F2	0000	124
		_comando_lcd   		CODE           	3924	0000	26
		_limpa_lcd     		CODE           	396C	0000	14
		_dado_lcd      		CODE           	393E	0000	26

./lcd.intermed.h estimated size: 190

newmain.c
		_main          		CODE           	2C60	0000	266
		_verificaTensao		CODE           	265C	0000	610

newmain.c estimated size: 876

C:\Program Files\Microchip\xc8\v2.32\pic\sources\c99\common\atoi.c
		_atoi          		CODE           	2AD0	0000	400

C:\Program Files\Microchip\xc8\v2.32\pic\sources\c99\common\atoi.c estimated size: 400

C:\Program Files\Microchip\xc8\v2.32\pic\sources\c99\common\nf_fputs.c
		_fputs         		CODE           	3812	0000	68

C:\Program Files\Microchip\xc8\v2.32\pic\sources\c99\common\nf_fputs.c estimated size: 68

C:\Program Files\Microchip\xc8\v2.32\pic\sources\c99\common\fleq.c
		___fleq        		CODE           	3448	0000	170

C:\Program Files\Microchip\xc8\v2.32\pic\sources\c99\common\fleq.c estimated size: 170

C:\Program Files\Microchip\xc8\v2.32\pic\sources\c99\common\putch.c
		_putch         		CODE           	397A	0000	2

C:\Program Files\Microchip\xc8\v2.32\pic\sources\c99\common\putch.c estimated size: 2

C:\Program Files\Microchip\xc8\v2.32\pic\sources\c99\common\__fpclassifyf.c
		___fpclassifyf 		CODE           	2F74	0000	254

C:\Program Files\Microchip\xc8\v2.32\pic\sources\c99\common\__fpclassifyf.c estimated size: 254

C:\Program Files\Microchip\xc8\v2.32\pic\sources\c99\common\isupper.c
		_isupper       		CODE           	3856	0000	56

C:\Program Files\Microchip\xc8\v2.32\pic\sources\c99\common\isupper.c estimated size: 56

C:\Program Files\Microchip\xc8\v2.32\pic\sources\c99\common\Umul16.c
		___wmul        		CODE           	38FE	0000	38

C:\Program Files\Microchip\xc8\v2.32\pic\sources\c99\common\Umul16.c estimated size: 38

C:\Program Files\Microchip\xc8\v2.32\pic\sources\c99\common\isspace.c
		_isspace       		CODE           	36DE	0000	82

C:\Program Files\Microchip\xc8\v2.32\pic\sources\c99\common\isspace.c estimated size: 82

C:\Program Files\Microchip\xc8\v2.32\pic\sources\c99\common\strncmp.c
		_strncmp       		CODE           	3072	0000	214

C:\Program Files\Microchip\xc8\v2.32\pic\sources\c99\common\strncmp.c estimated size: 214

C:\Program Files\Microchip\xc8\v2.32\pic\sources\c99\common\tolower.c
		_tolower       		CODE           	35D0	0000	96

C:\Program Files\Microchip\xc8\v2.32\pic\sources\c99\common\tolower.c estimated size: 96

shared
		__initialization		CODE           	3730	0000	68

shared estimated size: 68

C:\Program Files\Microchip\xc8\v2.32\pic\sources\c99\common\sprcmul.c
		___flmul       		CODE           	1E98	0000	1066

C:\Program Files\Microchip\xc8\v2.32\pic\sources\c99\common\sprcmul.c estimated size: 1066

C:\Program Files\Microchip\xc8\v2.32\pic\sources\c99\common\awmod.c
		___awmod       		CODE           	3398	0000	176

C:\Program Files\Microchip\xc8\v2.32\pic\sources\c99\common\awmod.c estimated size: 176

C:\Program Files\Microchip\xc8\v2.32\pic\sources\c99\common\sprcdiv.c
		___fldiv       		CODE           	22C2	0000	922

C:\Program Files\Microchip\xc8\v2.32\pic\sources\c99\common\sprcdiv.c estimated size: 922

C:\Program Files\Microchip\xc8\v2.32\pic\sources\c99\common\fltol.c
		___fltol       		CODE           	2D6A	0000	262

C:\Program Files\Microchip\xc8\v2.32\pic\sources\c99\common\fltol.c estimated size: 262

C:\Program Files\Microchip\xc8\v2.32\pic\sources\c99\common\nf_fputc.c
		_fputc         		CODE           	3148	0000	202

C:\Program Files\Microchip\xc8\v2.32\pic\sources\c99\common\nf_fputc.c estimated size: 202

C:\Program Files\Microchip\xc8\v2.32\pic\sources\c99\common\strlen.c
		_strlen        		CODE           	377E	0000	78

C:\Program Files\Microchip\xc8\v2.32\pic\sources\c99\common\strlen.c estimated size: 78

C:\Program Files\Microchip\xc8\v2.32\pic\sources\c99\common\flge.c
		___flge        		CODE           	2E70	0000	260

C:\Program Files\Microchip\xc8\v2.32\pic\sources\c99\common\flge.c estimated size: 260

C:\Program Files\Microchip\xc8\v2.32\pic\sources\c99\common\floorf.c
		_floorf        		CODE           	28BE	0000	530

C:\Program Files\Microchip\xc8\v2.32\pic\sources\c99\common\floorf.c estimated size: 530

C:\Program Files\Microchip\xc8\v2.32\pic\sources\c99\common\strcpy.c
		_strcpy        		CODE           	3630	0000	92

C:\Program Files\Microchip\xc8\v2.32\pic\sources\c99\common\strcpy.c estimated size: 92

